// Jest Snapshot v1, https://goo.gl/fbAQLP

exports[`AuthenticatedApp getAuth should call setState and getUsers 1`] = `
Array [
  Array [
    Object {
      "access_token": "vroom-vroom-lewmon-crew",
      "expires_in": undefined,
      "expiry_time": NaN,
      "refresh_token": undefined,
    },
  ],
]
`;

exports[`AuthenticatedApp render should render with MainScreen 1`] = `
<div
  id="authenticated-app"
>
  <MainScreen
    access_token="yadayadayada"
    channel="sirgoosewell"
    id="123456789"
    modList={Array []}
    onLogout={[Function]}
    validateToken={[Function]}
  />
</div>
`;

exports[`AuthenticatedApp render should render with Redirect on failed login 1`] = `
<Redirect
  to="/login"
/>
`;

exports[`AuthenticatedApp render should render with null 1`] = `
<div
  id="authenticated-app"
>
  <h2>
    <LoadSpinner />
    <br />
    Loading...
  </h2>
</div>
`;
