// Jest Snapshot v1, https://goo.gl/fbAQLP

exports[`Sidebar render renders page with content 1`] = `
<div>
  <div
    class="game"
    id="sidebar"
  >
    <div
      class="card sidebar-panel"
    >
      <div
        class="card-header fw-bolder"
      >
        Up Next
      </div>
      <div
        class="card-body sidebar-up-next-panel"
      >
        <h5
          class="card-title mb-2 fw-bolder"
        >
          Trivia Murder Party 2
        </h5>
        <div
          class="card-subtitle mb-2 fs-7 fst-italic text-light"
          style="--bs-text-opacity: 0.75;"
        >
          Party Pack 6
        </div>
        <button
          class="open-seat-requests"
          id="sidebar-up-next"
        >
          OPEN SEAT REQUESTS
        </button>
      </div>
    </div>
    <div
      class="nav-wrapper py-2"
    >
      <button
        class="btn-sm move-next-game-back"
      >
         ⇦ 
      </button>
      <button
        class="btn-sm move-next-game-fwd"
      >
         ⇨ 
      </button>
    </div>
    <div
      class="card sidebar-panel"
    >
      <div
        class="card-header fw-bolder"
      >
        History
      </div>
      <div
        class="card-body sidebar-history-list-panel"
      >
        <span
          class="historyList"
          data-rbd-droppable-context-id="3"
          data-rbd-droppable-id="historyList"
        >
          <li
            aria-describedby="rbd-hidden-text-3-hidden-text-3"
            data-rbd-drag-handle-context-id="3"
            data-rbd-drag-handle-draggable-id="100"
            data-rbd-draggable-context-id="3"
            data-rbd-draggable-id="100"
            draggable="false"
            role="button"
            tabindex="0"
          >
            Blather 'Round
          </li>
          <li
            aria-describedby="rbd-hidden-text-3-hidden-text-3"
            data-rbd-drag-handle-context-id="3"
            data-rbd-drag-handle-draggable-id="101"
            data-rbd-draggable-context-id="3"
            data-rbd-draggable-id="101"
            draggable="false"
            role="button"
            tabindex="0"
          >
            <b>
              Trivia Murder Party 2
            </b>
          </li>
          <li
            aria-describedby="rbd-hidden-text-3-hidden-text-3"
            data-rbd-drag-handle-context-id="3"
            data-rbd-drag-handle-draggable-id="102"
            data-rbd-draggable-context-id="3"
            data-rbd-draggable-id="102"
            draggable="false"
            role="button"
            tabindex="0"
          >
            Survive The Internet
          </li>
        </span>
      </div>
    </div>
  </div>
</div>
`;
