// Jest Snapshot v1, https://goo.gl/fbAQLP

exports[`Sidebar render renders page with content 1`] = `
<div>
  <div
    class="game"
    id="sidebar"
  >
    <div
      class="sidebar-panel"
    >
      <div
        class="p sidebar-panel-up-next"
      >
         Up Next:
        <p
          class="next-game-name"
        >
          Trivia Murder Party 2
        </p>
        <p
          class="next-game-party-pack"
        >
          <i>
            Party Pack 6
          </i>
        </p>
        <button
          class="open-seat-requests"
        >
          OPEN SEAT REQUESTS
        </button>
      </div>
    </div>
    <div
      class="nav-wrapper"
    >
      <button
        class="move-next-game-back"
      >
         ⇦ 
      </button>
      <button
        class="move-next-game-fwd"
      >
         ⇨ 
      </button>
    </div>
    <div
      class="sidebar-panel"
    >
      <p
        class="sidebar-panel-history"
      >
         History 
      </p>
      <p
        class="sidebar-panel-history-list"
      >
        <span
          class="historyList"
          data-rbd-droppable-context-id="3"
          data-rbd-droppable-id="historyList"
        >
          <li
            aria-describedby="rbd-hidden-text-3-hidden-text-3"
            data-rbd-drag-handle-context-id="3"
            data-rbd-drag-handle-draggable-id="100"
            data-rbd-draggable-context-id="3"
            data-rbd-draggable-id="100"
            draggable="false"
            role="button"
            tabindex="0"
          >
            Blather 'Round
          </li>
          <li
            aria-describedby="rbd-hidden-text-3-hidden-text-3"
            data-rbd-drag-handle-context-id="3"
            data-rbd-drag-handle-draggable-id="101"
            data-rbd-draggable-context-id="3"
            data-rbd-draggable-id="101"
            draggable="false"
            role="button"
            tabindex="0"
          >
            <b>
              Trivia Murder Party 2
            </b>
          </li>
          <li
            aria-describedby="rbd-hidden-text-3-hidden-text-3"
            data-rbd-drag-handle-context-id="3"
            data-rbd-drag-handle-draggable-id="102"
            data-rbd-draggable-context-id="3"
            data-rbd-draggable-id="102"
            draggable="false"
            role="button"
            tabindex="0"
          >
            Survive The Internet
          </li>
        </span>
      </p>
    </div>
  </div>
</div>
`;
